// Jest Snapshot v1, https://goo.gl/fbAQLP

exports[`Player component renders Player 1`] = `
<DocumentFragment>
  <section
    class="Playlist"
    style="visibility: hidden; height: 0px;"
  >
    <div
      class="title"
    >
      Playlist:
    </div>
    <div
      class="scrollarea scroll"
    >
      <div
        class="scrollarea-content content"
        style="margin-top: 0px; margin-left: 0px;"
        tabindex="1"
      />
    </div>
  </section>
  <section
    class="Player"
    style="visibility: collapse; height: 0px;"
  >
    <section
      class="title"
    >
       - 
    </section>
    <div
      aria-label="Audio Player"
      class="rhap_container rhap_container"
      role="group"
      tabindex="0"
    >
      <audio
        preload="auto"
      />
      <div
        class="rhap_main rhap_stacked"
      >
        <div
          class="rhap_progress-section"
        >
          <div
            class="rhap_time rhap_current-time"
            id="rhap_current-time"
          >
            --:--
          </div>
          <section>
            /
          </section>
          <div
            class="rhap_time rhap_total-time"
          >
            --:--
          </div>
        </div>
        <div
          class="rhap_controls-section"
        >
          <div
            class="rhap_additional-controls"
          >
            <button
              aria-label="Disable Loop"
              class="rhap_button-clear rhap_repeat-button"
              type="button"
            >
              <svg
                focusable="false"
                height="1em"
                preserveAspectRatio="xMidYMid meet"
                style="transform: rotate(360deg);"
                viewBox="0 0 24 24"
                width="1em"
                xmlns="http://www.w3.org/2000/svg"
              >
                <path
                  d="M2 5.27L3.28 4L20 20.72L18.73 22l-3-3H7v3l-4-4l4-4v3h6.73L7 10.27V11H5V8.27l-3-3M17 13h2v4.18l-2-2V13m0-8V2l4 4l-4 4V7H8.82l-2-2H17z"
                  fill="currentColor"
                />
              </svg>
            </button>
          </div>
          <div
            class="rhap_main-controls"
          >
            <button
              aria-label="Rewind"
              class="rhap_button-clear rhap_main-controls-button rhap_rewind-button"
              type="button"
            >
              <svg
                focusable="false"
                height="1em"
                preserveAspectRatio="xMidYMid meet"
                style="transform: rotate(360deg);"
                viewBox="0 0 24 24"
                width="1em"
                xmlns="http://www.w3.org/2000/svg"
              >
                <path
                  d="M11.5 12l8.5 6V6m-9 12V6l-8.5 6l8.5 6z"
                  fill="currentColor"
                />
              </svg>
            </button>
            <button
              aria-label="Play"
              class="rhap_button-clear rhap_main-controls-button rhap_play-pause-button"
              type="button"
            >
              <svg
                focusable="false"
                height="1em"
                preserveAspectRatio="xMidYMid meet"
                style="transform: rotate(360deg);"
                viewBox="0 0 24 24"
                width="1em"
                xmlns="http://www.w3.org/2000/svg"
              >
                <path
                  d="M10 16.5v-9l6 4.5M12 2A10 10 0 0 0 2 12a10 10 0 0 0 10 10a10 10 0 0 0 10-10A10 10 0 0 0 12 2z"
                  fill="currentColor"
                />
              </svg>
            </button>
            <button
              aria-label="Forward"
              class="rhap_button-clear rhap_main-controls-button rhap_forward-button"
              type="button"
            >
              <svg
                focusable="false"
                height="1em"
                preserveAspectRatio="xMidYMid meet"
                style="transform: rotate(360deg);"
                viewBox="0 0 24 24"
                width="1em"
                xmlns="http://www.w3.org/2000/svg"
              >
                <path
                  d="M13 6v12l8.5-6M4 18l8.5-6L4 6v12z"
                  fill="currentColor"
                />
              </svg>
            </button>
          </div>
          <div
            class="rhap_volume-controls"
          >
            <div
              class="rhap_volume-container"
            >
              <button
                aria-label="Mute"
                class="rhap_button-clear rhap_volume-button"
                type="button"
              >
                <svg
                  focusable="false"
                  height="1em"
                  preserveAspectRatio="xMidYMid meet"
                  style="transform: rotate(360deg);"
                  viewBox="0 0 24 24"
                  width="1em"
                  xmlns="http://www.w3.org/2000/svg"
                >
                  <path
                    d="M14 3.23v2.06c2.89.86 5 3.54 5 6.71s-2.11 5.84-5 6.7v2.07c4-.91 7-4.49 7-8.77c0-4.28-3-7.86-7-8.77M16.5 12c0-1.77-1-3.29-2.5-4.03V16c1.5-.71 2.5-2.24 2.5-4M3 9v6h4l5 5V4L7 9H3z"
                    fill="currentColor"
                  />
                </svg>
              </button>
              <div
                aria-label="volume Control"
                aria-valuemax="100"
                aria-valuemin="0"
                aria-valuenow="100"
                class="rhap_volume-bar-area"
                role="progressbar"
                tabindex="0"
              >
                <div
                  class="rhap_volume-bar"
                >
                  <div
                    class="rhap_volume-indicator"
                    style="left: 100.00%; transition-duration: 0s;"
                  />
                </div>
              </div>
            </div>
          </div>
        </div>
      </div>
    </div>
  </section>
  <p>
    select a garden to listen to:
  </p>
</DocumentFragment>
`;
