// Jest Snapshot v1, https://goo.gl/fbAQLP

exports[`Player component renders Player 1`] = `
<DocumentFragment>
  <section
    class="audioContainer"
  >
    <section
      class="Playlist"
      style="visibility: hidden; height: 0px;"
    >
      <div
        class="playlistTitle"
      >
        NULL PLAYLIST
      </div>
      <div
        class="scrollarea scroll"
      >
        <div
          class="scrollarea-content content"
          style="margin-top: 0px; margin-left: 0px;"
          tabindex="1"
        />
      </div>
    </section>
    <div
      class="playerContainer"
      style="visibility: hidden; height: 0px; margin-bottom: 0px;"
    >
      <section
        class="title"
      >
        UNDEFINED - UNDEFINED
      </section>
      <section
        class="Player"
        style="visibility: collapse; height: 0px;"
      >
        <section
          class="playerControls"
        >
          <section>
            <button
              class="fullscreen"
            >
              <img
                height="25px"
                src="./images/fullscreen.png"
              />
            </button>
          </section>
        </section>
      </section>
    </div>
  </section>
</DocumentFragment>
`;
