// Jest Snapshot v1, https://goo.gl/fbAQLP

exports[`Player component renders Player 1`] = `
<DocumentFragment>
  <section
    class="Playlist"
    style="visibility: hidden; height: 0px;"
  >
    <div
      class="scrollarea scroll"
    >
      <div
        class="scrollarea-content content"
        style="margin-top: 0px; margin-left: 0px;"
        tabindex="1"
      />
    </div>
  </section>
</DocumentFragment>
`;
