// Jest Snapshot v1, https://goo.gl/fbAQLP

exports[`About component renders About 1`] = `
<DocumentFragment>
  <section
    class="whatever"
  >
    <h1>
      about
    </h1>
    <p>
      Lorem ipsum dolor sit, amet consectetur adipisicing elit. Omnis quas, quo aspernatur harum assumenda eaque temporibus veritatis ab tempore dolor fugiat dicta eos tempora quasi soluta nulla molestias, libero distinctio. Lorem ipsum dolor sit, amet consectetur adipisicing elit. Iure esse inventore veniam accusamus tempora illo adipisci sequi quaerat consectetur ipsum. Pariatur eveniet delectus a, vel cumque quibusdam autem soluta adipisci? Lorem ipsum dolor sit amet consectetur adipisicing elit. Dolorum quae reprehenderit cumque nulla magnam, sit voluptatibus est laudantium veritatis vel delectus vero adipisci laborum similique doloremque optio! Odio, vero iure!
    </p>
  </section>
</DocumentFragment>
`;
