// Jest Snapshot v1, https://goo.gl/fbAQLP

exports[`App component renders App 1`] = `
<DocumentFragment>
  <header
    class="Header"
  >
    <div
      class="headerLeft"
    >
      <a
        href="/"
      >
        <img
          src="./images/rose-shape.png"
        />
      </a>
    </div>
    <div
      class="headerCenter"
    >
      <a
        class="navLink"
        href="/"
      >
        <h1>
          SONIC BLOOMING
        </h1>
      </a>
    </div>
    <div
      class="headerRight"
      style="visibility: visible;"
    >
      <a
        class="navLink"
        href="/about"
        id="about"
      >
        <svg
          class="w-6 h-6"
          fill="none"
          height="3em"
          stroke="rgba(40,4,78,1)"
          viewBox="0 0 24 24"
          xmlns="http://www.w3.org/2000/svg"
        >
          <path
            d="M13 16h-1v-4h-1m1-4h.01M21 12a9 9 0 11-18 0 9 9 0 0118 0z"
            stroke-linecap="round"
            stroke-linejoin="round"
            stroke-width="2"
          />
        </svg>
      </a>
    </div>
    <div
      class="backContainer"
    />
  </header>
  <section
    class="audioContainer"
  >
    <section
      class="Playlist"
      style="visibility: hidden; height: 0px;"
    >
      <div
        class="playlistTitle"
      >
        NULL PLAYLIST
      </div>
      <div
        class="scrollarea scroll"
      >
        <div
          class="scrollarea-content content"
          style="margin-top: 0px; margin-left: 0px;"
          tabindex="1"
        />
      </div>
    </section>
    <div
      class="playerContainer"
      style="visibility: hidden; height: 0px; margin-bottom: 0px;"
    >
      <section
        class="title"
      >
        UNDEFINED - UNDEFINED
      </section>
      <section
        class="Player"
        style="visibility: collapse; height: 0px;"
      >
        <section
          class="playerControls"
        >
          <div
            aria-label="Audio Player"
            class="rhap_container rhap_container"
            role="group"
            tabindex="0"
          >
            <audio
              preload="auto"
            />
            <div
              class="rhap_main rhap_stacked"
            >
              <div
                class="rhap_progress-section"
              >
                <div
                  class="rhap_time rhap_current-time"
                  id="rhap_current-time"
                >
                  --:--
                </div>
                <section>
                  /
                </section>
                <div
                  class="rhap_time rhap_total-time"
                >
                  --:--
                </div>
              </div>
              <div
                class="rhap_controls-section"
              >
                <div
                  class="rhap_additional-controls"
                >
                  <button
                    aria-label="Disable Loop"
                    class="rhap_button-clear rhap_repeat-button"
                    type="button"
                  >
                    <svg
                      focusable="false"
                      height="1em"
                      preserveAspectRatio="xMidYMid meet"
                      style="transform: rotate(360deg);"
                      viewBox="0 0 24 24"
                      width="1em"
                      xmlns="http://www.w3.org/2000/svg"
                    >
                      <path
                        d="M2 5.27L3.28 4L20 20.72L18.73 22l-3-3H7v3l-4-4l4-4v3h6.73L7 10.27V11H5V8.27l-3-3M17 13h2v4.18l-2-2V13m0-8V2l4 4l-4 4V7H8.82l-2-2H17z"
                        fill="currentColor"
                      />
                    </svg>
                  </button>
                </div>
                <div
                  class="rhap_main-controls"
                >
                  <button
                    aria-label="Rewind"
                    class="rhap_button-clear rhap_main-controls-button rhap_rewind-button"
                    type="button"
                  >
                    <svg
                      focusable="false"
                      height="1em"
                      preserveAspectRatio="xMidYMid meet"
                      style="transform: rotate(360deg);"
                      viewBox="0 0 24 24"
                      width="1em"
                      xmlns="http://www.w3.org/2000/svg"
                    >
                      <path
                        d="M11.5 12l8.5 6V6m-9 12V6l-8.5 6l8.5 6z"
                        fill="currentColor"
                      />
                    </svg>
                  </button>
                  <button
                    aria-label="Play"
                    class="rhap_button-clear rhap_main-controls-button rhap_play-pause-button"
                    type="button"
                  >
                    <svg
                      focusable="false"
                      height="1em"
                      preserveAspectRatio="xMidYMid meet"
                      style="transform: rotate(360deg);"
                      viewBox="0 0 24 24"
                      width="1em"
                      xmlns="http://www.w3.org/2000/svg"
                    >
                      <path
                        d="M10 16.5v-9l6 4.5M12 2A10 10 0 0 0 2 12a10 10 0 0 0 10 10a10 10 0 0 0 10-10A10 10 0 0 0 12 2z"
                        fill="currentColor"
                      />
                    </svg>
                  </button>
                  <button
                    aria-label="Forward"
                    class="rhap_button-clear rhap_main-controls-button rhap_forward-button"
                    type="button"
                  >
                    <svg
                      focusable="false"
                      height="1em"
                      preserveAspectRatio="xMidYMid meet"
                      style="transform: rotate(360deg);"
                      viewBox="0 0 24 24"
                      width="1em"
                      xmlns="http://www.w3.org/2000/svg"
                    >
                      <path
                        d="M13 6v12l8.5-6M4 18l8.5-6L4 6v12z"
                        fill="currentColor"
                      />
                    </svg>
                  </button>
                </div>
                <div
                  class="rhap_volume-controls"
                />
              </div>
            </div>
          </div>
        </section>
      </section>
    </div>
  </section>
  <section
    class="mapContainer"
  >
    <div
      class="blurbContainer"
    >
      <section
        class="Blurb"
      >
        <section>
          <p>
            Welcome to Sonic Blooming! This soundwalk is a meditation on movement, growth and transformation in our external and internal environments. At the time of year when the roses at the International Rose Test Garden are beginning to bloom, plants are generating extra energy. I have used a process called Biodata Sonification; attaching sensors to the plant's in the garden to collect their electrical impulses. You will hear these impulses translated into musical pitches and sounds that will guide you through the garden.
          </p>
          <p>
            On each page there will also be a section encouraging you to record any interesting sounds you hear and upload them to be added to that part of the garden’s soundscape! Submitted field recordings will be added to the soundscapes over the course of the month.
          </p>
          <p>
            I invite you to pause, listen and explore.
          </p>
        </section>
      </section>
    </div>
    <p
      class="instructions"
    >
      ---
      <br />
      <br />
      Select a garden to listen to:
    </p>
    <section
      class="mapClass"
    >
      <svg
        height="100%"
        id="svg10"
        version="1.1"
        viewBox="0 0 1225 758"
        width="100vw"
        xmlns="http://purl.org/dc/elements/1.1/"
      >
        <g>
          <a>
            <title>
              Amphitheater
            </title>
            <path
              d="M 77.679724,120.26017 H 259.76196 v 55.66327 h 93.45933 l -15.11842,40.54486 v 79.02811 l -68.7201,54.28887 H 58.412081 L 13.056818,294.80921 V 213.7195 L 0,193.79067 l 0.27371158,-18.29824 72.75521042,0.27371 0.345227,-44.16553 -0.0016,-11.38716 z"
            />
          </a>
        </g>
        <g>
          <a>
            <title>
              Royal Rosarian Garden
            </title>
            <path
              d="M 1020.2966,480.19828 H 1187.351 V 691.51215 H 1019.9638 Z"
            />
          </a>
        </g>
        <g>
          <a>
            <title>
              Rose Test Garden
            </title>
            <path
              d="M 968.35798,691.5188 V 71.816023 H 425.10452 V 179.54006 l -2.31664,42.85795 -17.37485,39.38298 -11.58323,27.79975 -4.63329,11.58323 v 389.19651 z"
            />
          </a>
        </g>
        <g>
          <a>
            <title>
              Shakespearean Garden
            </title>
            <path
              d="M 979.48986,76.677237 H 1210.7583 V 207.77058 H 978.8715 V 76.677237 Z"
            />
          </a>
        </g>
        <g>
          <a>
            <title>
              Gold Medal Garden
            </title>
            <path
              d="m 1056.7855,220.13787 h 95.8465 l 23.4979,40.81208 h 45.759 v 74.20378 h -45.759 l -24.1163,40.81208 h -95.2281 l -23.4979,-40.19372 h -41.43044 v -72.96705 h 40.19374 z"
            />
          </a>
        </g>
      </svg>
    </section>
  </section>
</DocumentFragment>
`;
