// Jest Snapshot v1, https://goo.gl/fbAQLP

exports[`Player component renders Player 1`] = `
<DocumentFragment>
  <section
    class="Upload"
  >
    <h1>
      Upload
    </h1>
    <iframe
      src="https://script.google.com/macros/s/AKfycbzobp1dHDf_Ka5PnqE1u0qXJRz7IaCe4pjuvxcESpYpsbzLVjRiXnRDXJRyxzQuyNrb/exec"
      width="500"
    />
  </section>
</DocumentFragment>
`;
